Mono path[0] = 'D:/Unity Work/DeepSleep_Unity6/Releases/v1.1.0/Windows/ICanFly_Data/Managed'
Mono config path = 'D:/Unity Work/DeepSleep_Unity6/Releases/v1.1.0/Windows/MonoBleedingEdge/etc'
CodeReloadManager initialized
Input System module state changed to: Initialized.
[Physics::Module] Initialized fallback backend.
[Physics::Module] Id: 0xdecafbad
Loading player data from D:/Unity Work/DeepSleep_Unity6/Releases/v1.1.0/Windows/ICanFly_Data/data.unity3d
Initialize engine version: 6000.6.0f1 (f7f8ed4d1e24)
[EntityIdStore] init: VM path (explicit commit), pageSize=4096, blockCount=1048576, entitiesPerBlock=256, slots reserved=4294967296 bytes
[Subsystems] Discovering subsystems at path D:/Unity Work/DeepSleep_Unity6/Releases/v1.1.0/Windows/ICanFly_Data/UnitySubsystems
Forcing GfxDevice: Null
GfxDevice: creating device client; kGfxThreadingModeNonThreaded
NullGfxDevice:
    Version:  NULL 1.0 [1.0]
    Renderer: Null Device
    Vendor:   Unity Technologies
Begin MonoManager ReloadAssembly
- Finished resetting the current domain, in  0.008 seconds
[Physics::Module] Selected backend.
[Physics::Module] Name: PhysX
[Physics::Module] Id: 0xf2b8ea05
[Physics::Module] SDK Version: 4.1.2
[Physics::Module] Integration Version: 1.0.0
[Physics::Module] Threading Mode: Multi-Threaded
Microsoft Media Foundation video decoding to texture disabled: graphics device is Null, only Direct3D 11 and Direct3D 12 (only on desktop) are supported for hardware-accelerated video decoding.
UnloadTime: 0.485100 ms
Unloading 5 Unused Serialized files (Serialized files now loaded: 0)
Curl error 7: Failed to connect to config.uca.cloud.unity3d.com port 443 after 136 ms: Could not connect to server
UnloadTime: 2.003800 ms
Unloading 3 unused Assets to reduce memory usage. Loaded Objects now: 3271.
Total: 1.990500 ms (FindLiveObjects: 0.359500 ms CreateObjectMapping: 0.093100 ms MarkObjects: 1.500100 ms  DeleteObjects: 0.011200 ms)

Curl error 7: Failed to connect to cdp.cloud.unity3d.com port 443 after 90 ms: Could not connect to server
Curl error 7: Failed to connect to cdp.cloud.unity3d.com port 443 after 10 ms: Could not connect to server
Curl error 7: Failed to connect to cdp.cloud.unity3d.com port 443 after 11 ms: Could not connect to server
